2026-04-16 04:56:25 [MASTER][INFO] Database ready: splat_state.db
2026-04-16 04:56:25 [MASTER][INFO] Loading COLMAP data from: /path/to/colmap/data
2026-04-16 05:02:47 [MASTER][INFO] Database ready: splat_state.db
2026-04-16 05:02:47 [MASTER][INFO] Loading COLMAP data from: /path/to/colmap/data
2026-04-16 05:05:54 [MASTER][INFO] Database ready: splat_state.db
2026-04-16 05:05:54 [MASTER][INFO] Loading COLMAP data from: /mnt/d/Development/Projects/gaussian-splatting/data
2026-04-16 05:05:54 [MASTER][INFO] Loading cameras.bin …
2026-04-16 05:05:54 [MASTER][INFO]   20 cameras.
2026-04-16 05:05:54 [MASTER][INFO] Loading images.bin …
2026-04-16 05:05:54 [MASTER][INFO]   47 poses.
2026-04-16 05:05:54 [MASTER][INFO] Loading points3D.bin …
2026-04-16 05:05:55 [MASTER][INFO]   4413 sparse points.
2026-04-16 05:05:55 [MASTER][INFO] Global bbox — min=[-0.4034191370010376, -0.8350117802619934, 0.4155263900756836]  max=[1.285632848739624, 0.5629067420959473, 1.9245508909225464]
2026-04-16 05:05:55 [MASTER][INFO] Partitioning into 2×2×2 = 8 voxels
2026-04-16 05:05:55 [MASTER][INFO]   Voxel [0,0,0] bbox=[-0.4034191370010376, -0.8350117802619934, 0.4155263900756836] → [0.4411068558692932, -0.13605254888534546, 1.1700387001037598] | 0 images
2026-04-16 05:05:55 [MASTER][INFO]   Voxel [0,0,1] bbox=[-0.4034191370010376, -0.8350117802619934, 1.1700387001037598] → [0.4411068558692932, -0.13605254888534546, 1.924551010131836] | 0 images
2026-04-16 05:05:55 [MASTER][INFO]   Voxel [0,1,0] bbox=[-0.4034191370010376, -0.13605254888534546, 0.4155263900756836] → [0.4411068558692932, 0.5629066824913025, 1.1700387001037598] | 0 images
2026-04-16 05:05:55 [MASTER][INFO]   Voxel [0,1,1] bbox=[-0.4034191370010376, -0.13605254888534546, 1.1700387001037598] → [0.4411068558692932, 0.5629066824913025, 1.924551010131836] | 0 images
2026-04-16 05:05:55 [MASTER][INFO]   Voxel [1,0,0] bbox=[0.4411068558692932, -0.8350117802619934, 0.4155263900756836] → [1.285632848739624, -0.13605254888534546, 1.1700387001037598] | 0 images
2026-04-16 05:05:55 [MASTER][INFO]   Voxel [1,0,1] bbox=[0.4411068558692932, -0.8350117802619934, 1.1700387001037598] → [1.285632848739624, -0.13605254888534546, 1.924551010131836] | 0 images
2026-04-16 05:05:55 [MASTER][INFO]   Voxel [1,1,0] bbox=[0.4411068558692932, -0.13605254888534546, 0.4155263900756836] → [1.285632848739624, 0.5629066824913025, 1.1700387001037598] | 0 images
2026-04-16 05:05:55 [MASTER][INFO]   Voxel [1,1,1] bbox=[0.4411068558692932, -0.13605254888534546, 1.1700387001037598] → [1.285632848739624, 0.5629066824913025, 1.924551010131836] | 0 images
2026-04-16 05:05:55 [MASTER][INFO] Master ready — 8 tasks in database (all PENDING).
2026-04-16 05:05:55 [MASTER][INFO] Watchdog started (heartbeat timeout = 300s, check every 60s).
2026-04-16 05:05:55 [MASTER][INFO] FastAPI server starting on http://0.0.0.0:8765
2026-04-16 05:07:02 [MASTER][INFO] [Join] New worker registered: 20e43f00…
2026-04-16 05:07:03 [MASTER][INFO] [get_task] Dispatched 47c2ae96… → worker 20e43f00… | voxel=[0, 0, 0] | 0 images
2026-04-16 05:07:03 [MASTER][INFO] [get_task] Dispatched 7e1c4b82… → worker 20e43f00… | voxel=[0, 0, 1] | 0 images
2026-04-16 05:07:03 [MASTER][INFO] [get_task] Dispatched 07859365… → worker 20e43f00… | voxel=[0, 1, 0] | 0 images
2026-04-16 05:07:03 [MASTER][INFO] [get_task] Dispatched 85d5c319… → worker 20e43f00… | voxel=[0, 1, 1] | 0 images
2026-04-16 05:07:03 [MASTER][INFO] [get_task] Dispatched 478db188… → worker 20e43f00… | voxel=[1, 0, 0] | 0 images
2026-04-16 05:07:03 [MASTER][INFO] [get_task] Dispatched 4cbade80… → worker 20e43f00… | voxel=[1, 0, 1] | 0 images
2026-04-16 05:07:03 [MASTER][INFO] [get_task] Dispatched 16f2041f… → worker 20e43f00… | voxel=[1, 1, 0] | 0 images
2026-04-16 05:07:03 [MASTER][INFO] [get_task] Dispatched f0864d63… → worker 20e43f00… | voxel=[1, 1, 1] | 0 images
2026-04-16 05:08:26 [MASTER][INFO] [Join] New worker registered: 1288f5d6…
