2026-04-16 05:07:02 [WORKER][INFO] Device: cuda
2026-04-16 05:07:02 [WORKER][INFO] GPU: NVIDIA GeForce RTX 3050 Laptop GPU
2026-04-16 05:07:02 [WORKER][INFO] [Join] Registered as worker 20e43f00…
2026-04-16 05:07:02 [WORKER][INFO] Requesting task from master (http://localhost:8765) …
2026-04-16 05:07:03 [WORKER][INFO] Got task 47c2ae96… chunk=0_0_0 voxel=[0, 0, 0] | 0 images
2026-04-16 05:07:03 [WORKER][INFO] [HeartbeatThread] Started for task 47c2ae96…
2026-04-16 05:07:03 [WORKER][INFO]   0 images loaded (downscale ×4)
2026-04-16 05:07:03 [WORKER][WARNING] No images loaded — skipping task.
2026-04-16 05:07:03 [WORKER][INFO] [HeartbeatThread] Stopped for task 47c2ae96…
2026-04-16 05:07:03 [WORKER][INFO] Requesting task from master (http://localhost:8765) …
2026-04-16 05:07:03 [WORKER][INFO] Got task 7e1c4b82… chunk=0_0_1 voxel=[0, 0, 1] | 0 images
2026-04-16 05:07:03 [WORKER][INFO] [HeartbeatThread] Started for task 7e1c4b82…
2026-04-16 05:07:03 [WORKER][INFO]   0 images loaded (downscale ×4)
2026-04-16 05:07:03 [WORKER][WARNING] No images loaded — skipping task.
2026-04-16 05:07:03 [WORKER][INFO] [HeartbeatThread] Stopped for task 7e1c4b82…
2026-04-16 05:07:03 [WORKER][INFO] Requesting task from master (http://localhost:8765) …
2026-04-16 05:07:03 [WORKER][INFO] Got task 07859365… chunk=0_1_0 voxel=[0, 1, 0] | 0 images
2026-04-16 05:07:03 [WORKER][INFO] [HeartbeatThread] Started for task 07859365…
2026-04-16 05:07:03 [WORKER][INFO]   0 images loaded (downscale ×4)
2026-04-16 05:07:03 [WORKER][WARNING] No images loaded — skipping task.
2026-04-16 05:07:03 [WORKER][INFO] [HeartbeatThread] Stopped for task 07859365…
2026-04-16 05:07:03 [WORKER][INFO] Requesting task from master (http://localhost:8765) …
2026-04-16 05:07:03 [WORKER][INFO] Got task 85d5c319… chunk=0_1_1 voxel=[0, 1, 1] | 0 images
2026-04-16 05:07:03 [WORKER][INFO] [HeartbeatThread] Started for task 85d5c319…
2026-04-16 05:07:03 [WORKER][INFO]   0 images loaded (downscale ×4)
2026-04-16 05:07:03 [WORKER][WARNING] No images loaded — skipping task.
2026-04-16 05:07:03 [WORKER][INFO] [HeartbeatThread] Stopped for task 85d5c319…
2026-04-16 05:07:03 [WORKER][INFO] Requesting task from master (http://localhost:8765) …
2026-04-16 05:07:03 [WORKER][INFO] Got task 478db188… chunk=1_0_0 voxel=[1, 0, 0] | 0 images
2026-04-16 05:07:03 [WORKER][INFO] [HeartbeatThread] Started for task 478db188…
2026-04-16 05:07:03 [WORKER][INFO]   0 images loaded (downscale ×4)
2026-04-16 05:07:03 [WORKER][WARNING] No images loaded — skipping task.
2026-04-16 05:07:03 [WORKER][INFO] [HeartbeatThread] Stopped for task 478db188…
2026-04-16 05:07:03 [WORKER][INFO] Requesting task from master (http://localhost:8765) …
2026-04-16 05:07:03 [WORKER][INFO] Got task 4cbade80… chunk=1_0_1 voxel=[1, 0, 1] | 0 images
2026-04-16 05:07:03 [WORKER][INFO] [HeartbeatThread] Started for task 4cbade80…
2026-04-16 05:07:03 [WORKER][INFO]   0 images loaded (downscale ×4)
2026-04-16 05:07:03 [WORKER][WARNING] No images loaded — skipping task.
2026-04-16 05:07:03 [WORKER][INFO] [HeartbeatThread] Stopped for task 4cbade80…
2026-04-16 05:07:03 [WORKER][INFO] Requesting task from master (http://localhost:8765) …
2026-04-16 05:07:03 [WORKER][INFO] Got task 16f2041f… chunk=1_1_0 voxel=[1, 1, 0] | 0 images
2026-04-16 05:07:03 [WORKER][INFO] [HeartbeatThread] Started for task 16f2041f…
2026-04-16 05:07:03 [WORKER][INFO]   0 images loaded (downscale ×4)
2026-04-16 05:07:03 [WORKER][WARNING] No images loaded — skipping task.
2026-04-16 05:07:03 [WORKER][INFO] [HeartbeatThread] Stopped for task 16f2041f…
2026-04-16 05:07:03 [WORKER][INFO] Requesting task from master (http://localhost:8765) …
2026-04-16 05:07:03 [WORKER][INFO] Got task f0864d63… chunk=1_1_1 voxel=[1, 1, 1] | 0 images
2026-04-16 05:07:03 [WORKER][INFO] [HeartbeatThread] Started for task f0864d63…
2026-04-16 05:07:03 [WORKER][INFO]   0 images loaded (downscale ×4)
2026-04-16 05:07:03 [WORKER][WARNING] No images loaded — skipping task.
2026-04-16 05:07:03 [WORKER][INFO] [HeartbeatThread] Stopped for task f0864d63…
2026-04-16 05:07:03 [WORKER][INFO] Requesting task from master (http://localhost:8765) …
2026-04-16 05:07:03 [WORKER][INFO] No task available — waiting 15s (retry 1/5)
2026-04-16 05:07:20 [WORKER][INFO] Requesting task from master (http://localhost:8765) …
2026-04-16 05:07:20 [WORKER][INFO] No task available — waiting 15s (retry 2/5)
2026-04-16 05:07:35 [WORKER][INFO] Requesting task from master (http://localhost:8765) …
2026-04-16 05:07:35 [WORKER][INFO] No task available — waiting 15s (retry 3/5)
2026-04-16 05:07:52 [WORKER][INFO] Requesting task from master (http://localhost:8765) …
2026-04-16 05:07:52 [WORKER][INFO] No task available — waiting 15s (retry 4/5)
2026-04-16 05:08:07 [WORKER][INFO] Requesting task from master (http://localhost:8765) …
2026-04-16 05:08:07 [WORKER][INFO] No more tasks available — all chunks likely done. Exiting.
2026-04-16 05:08:07 [WORKER][INFO] Worker exiting.
2026-04-16 05:08:25 [WORKER][INFO] Device: cuda
2026-04-16 05:08:26 [WORKER][INFO] GPU: NVIDIA GeForce RTX 3050 Laptop GPU
2026-04-16 05:08:26 [WORKER][INFO] [Join] Registered as worker 1288f5d6…
2026-04-16 05:08:26 [WORKER][INFO] Requesting task from master (http://localhost:8765) …
2026-04-16 05:08:26 [WORKER][INFO] No task available — waiting 15s (retry 1/5)
2026-04-16 05:08:41 [WORKER][INFO] Requesting task from master (http://localhost:8765) …
2026-04-16 05:08:41 [WORKER][INFO] No task available — waiting 15s (retry 2/5)
2026-04-16 05:08:58 [WORKER][INFO] Requesting task from master (http://localhost:8765) …
2026-04-16 05:08:58 [WORKER][INFO] No task available — waiting 15s (retry 3/5)
2026-04-16 05:09:13 [WORKER][INFO] Requesting task from master (http://localhost:8765) …
2026-04-16 05:09:13 [WORKER][INFO] No task available — waiting 15s (retry 4/5)
